c:\nxp\mcuxpressoide_11.6.0_8187\ide\plugins\com.nxp.mcuxpresso.tools.win32_11.6.0.202112161359\tools\arm-none-eabi\include\c++\10.3.1\arm-none-eabi\thumb\v7-m\nofp\bits\gthr-default.h:229:1:int __gthread_key_delete(__gthread_key_t)	16	static
c:\nxp\mcuxpressoide_11.6.0_8187\ide\plugins\com.nxp.mcuxpresso.tools.win32_11.6.0.202112161359\tools\arm-none-eabi\include\c++\10.3.1\bits\basic_string.h:6679:3:std::string std::__cxx11::to_string(double)	40	static
../src/PropertyEdit.h:16:2:PropertyEdit::PropertyEdit()	16	static
../src/PropertyEdit.h:17:10:PropertyEdit::~PropertyEdit()	16	static
../src/PropertyEdit.h:17:10:virtual PropertyEdit::~PropertyEdit()	16	static
../src/DecimalEdit.cpp:12:1:DecimalEdit::DecimalEdit(LiquidCrystal*, std::string, int, int, double)	24	static
../src/DecimalEdit.cpp:21:6:virtual void DecimalEdit::increment()	24	static
../src/DecimalEdit.cpp:29:6:virtual void DecimalEdit::decrement()	24	static
../src/DecimalEdit.cpp:37:6:virtual void DecimalEdit::accept()	16	static
../src/DecimalEdit.cpp:41:6:virtual void DecimalEdit::cancel()	16	static
../src/DecimalEdit.cpp:46:6:virtual void DecimalEdit::setFocus(bool)	16	static
../src/DecimalEdit.cpp:50:6:virtual bool DecimalEdit::getFocus()	16	static
../src/DecimalEdit.cpp:54:6:virtual void DecimalEdit::display()	48	static
../src/DecimalEdit.cpp:70:6:void DecimalEdit::save()	16	static
../src/DecimalEdit.cpp:77:13:virtual std::string DecimalEdit::getValue()	40	static
../src/DecimalEdit.cpp:81:6:void DecimalEdit::setValue(int)	16	static
../src/DecimalEdit.cpp:86:8:double DecimalEdit::getDoubleValue()	16	static
../src/DecimalEdit.cpp:90:13:virtual std::string DecimalEdit::getTitle()	16	static
../src/DecimalEdit.cpp:94:1:DecimalEdit::~DecimalEdit()	16	static
../src/DecimalEdit.cpp:94:1:virtual DecimalEdit::~DecimalEdit()	16	static
c:\nxp\mcuxpressoide_11.6.0_8187\ide\plugins\com.nxp.mcuxpresso.tools.win32_11.6.0.202112161359\tools\arm-none-eabi\include\c++\10.3.1\ext\string_conversions.h:99:5:) [with _String = std::__cxx11::basic_string<char>; _CharT = char]	44	dynamic
c:\nxp\mcuxpressoide_11.6.0_8187\ide\plugins\com.nxp.mcuxpresso.tools.win32_11.6.0.202112161359\tools\arm-none-eabi\include\c++\10.3.1\bits\basic_string.h:638:9:std::__cxx11::basic_string<_CharT, _Traits, _Alloc>::basic_string(_InputIterator, _InputIterator, const _Alloc&) [with _InputIterator = char*; <template-parameter-2-2> = void; _CharT = char; _Traits = std::char_traits<char>; _Alloc = std::allocator<char>]	32	static
c:\nxp\mcuxpressoide_11.6.0_8187\ide\plugins\com.nxp.mcuxpresso.tools.win32_11.6.0.202112161359\tools\arm-none-eabi\include\c++\10.3.1\bits\basic_string.h:271:9:void std::__cxx11::basic_string<_CharT, _Traits, _Alloc>::_M_construct(_InIterator, _InIterator) [with _InIterator = char*; _CharT = char; _Traits = std::char_traits<char>; _Alloc = std::allocator<char>]	24	static
c:\nxp\mcuxpressoide_11.6.0_8187\ide\plugins\com.nxp.mcuxpresso.tools.win32_11.6.0.202112161359\tools\arm-none-eabi\include\c++\10.3.1\bits\basic_string.h:251:9:void std::__cxx11::basic_string<_CharT, _Traits, _Alloc>::_M_construct_aux(_InIterator, _InIterator, std::__false_type) [with _InIterator = char*; _CharT = char; _Traits = std::char_traits<char>; _Alloc = std::allocator<char>]	40	static
c:\nxp\mcuxpressoide_11.6.0_8187\ide\plugins\com.nxp.mcuxpresso.tools.win32_11.6.0.202112161359\tools\arm-none-eabi\include\c++\10.3.1\bits\basic_string.tcc:206:7:void std::__cxx11::basic_string<_CharT, _Traits, _Alloc>::_M_construct(_InIterator, _InIterator, std::forward_iterator_tag) [with _FwdIterator = char*; _CharT = char; _Traits = std::char_traits<char>; _Alloc = std::allocator<char>]	32	static
c:\nxp\mcuxpressoide_11.6.0_8187\ide\plugins\com.nxp.mcuxpresso.tools.win32_11.6.0.202112161359\tools\arm-none-eabi\include\c++\10.3.1\ext\type_traits.h:152:5:bool __gnu_cxx::__is_null_pointer(_Type*) [with _Type = char]	16	static
c:\nxp\mcuxpressoide_11.6.0_8187\ide\plugins\com.nxp.mcuxpresso.tools.win32_11.6.0.202112161359\tools\arm-none-eabi\include\c++\10.3.1\bits\stl_iterator_base_funcs.h:138:5:typename std::iterator_traits< <template-parameter-1-1> >::difference_type std::distance(_InputIterator, _InputIterator) [with _InputIterator = char*]	24	static
c:\nxp\mcuxpressoide_11.6.0_8187\ide\plugins\com.nxp.mcuxpresso.tools.win32_11.6.0.202112161359\tools\arm-none-eabi\include\c++\10.3.1\bits\stl_iterator_base_types.h:238:5:constexpr typename std::iterator_traits< <template-parameter-1-1> >::iterator_category std::__iterator_category(const _Iter&) [with _Iter = char*]	16	static
c:\nxp\mcuxpressoide_11.6.0_8187\ide\plugins\com.nxp.mcuxpresso.tools.win32_11.6.0.202112161359\tools\arm-none-eabi\include\c++\10.3.1\bits\stl_iterator_base_funcs.h:98:5:typename std::iterator_traits< <template-parameter-1-1> >::difference_type std::__distance(_RandomAccessIterator, _RandomAccessIterator, std::random_access_iterator_tag) [with _RandomAccessIterator = char*]	24	static
