C:\Users\aivua\Documents\MCUXpressoIDE_11.6.0_8187\example\greenhouse_proj\lpc_chip_15xx\inc/core_cm3.h:1323:22:void NVIC_EnableIRQ(IRQn_Type)	16	static
C:\Users\aivua\Documents\MCUXpressoIDE_11.6.0_8187\example\greenhouse_proj\lpc_chip_15xx\inc/core_cm3.h:1375:22:void NVIC_ClearPendingIRQ(IRQn_Type)	16	static
C:\Users\aivua\Documents\MCUXpressoIDE_11.6.0_8187\example\greenhouse_proj\lpc_chip_15xx\inc/core_cm3.h:1405:22:void NVIC_SetPriority(IRQn_Type, uint32_t)	16	static
C:\Users\aivua\Documents\MCUXpressoIDE_11.6.0_8187\example\greenhouse_proj\lpc_chip_15xx\inc/sysctl_15xx.h:185:20:void Chip_SYSCTL_PeriphReset(CHIP_SYSCTL_PERIPH_RESET_T)	16	static
C:\Users\aivua\Documents\MCUXpressoIDE_11.6.0_8187\example\greenhouse_proj\lpc_chip_15xx\inc/pinint_15xx.h:79:20:void Chip_PININT_Init(LPC_PIN_INT_T*)	16	static
C:\Users\aivua\Documents\MCUXpressoIDE_11.6.0_8187\example\greenhouse_proj\lpc_chip_15xx\inc/pinint_15xx.h:101:20:void Chip_PININT_SetPinModeEdge(LPC_PIN_INT_T*, uint32_t)	16	static
C:\Users\aivua\Documents\MCUXpressoIDE_11.6.0_8187\example\greenhouse_proj\lpc_chip_15xx\inc/pinint_15xx.h:147:20:void Chip_PININT_DisableIntHigh(LPC_PIN_INT_T*, uint32_t)	16	static
C:\Users\aivua\Documents\MCUXpressoIDE_11.6.0_8187\example\greenhouse_proj\lpc_chip_15xx\inc/pinint_15xx.h:171:20:void Chip_PININT_EnableIntLow(LPC_PIN_INT_T*, uint32_t)	16	static
C:\Users\aivua\Documents\MCUXpressoIDE_11.6.0_8187\example\greenhouse_proj\lpc_chip_15xx\inc/pinint_15xx.h:245:20:void Chip_PININT_ClearIntStatus(LPC_PIN_INT_T*, uint32_t)	16	static
C:\Users\aivua\Documents\MCUXpressoIDE_11.6.0_8187\example\greenhouse_proj\lpc_chip_15xx\inc/inmux_15xx.h:221:20:void Chip_INMUX_PinIntSel(uint8_t, uint8_t, uint8_t)	16	static
c:\nxp\mcuxpressoide_11.6.0_8187\ide\plugins\com.nxp.mcuxpresso.tools.win32_11.6.0.202112161359\tools\arm-none-eabi\include\c++\10.3.1\arm-none-eabi\thumb\v7-m\nofp\bits\gthr-default.h:229:1:int __gthread_key_delete(__gthread_key_t)	16	static
../src/Greenhouse.cpp:62:13:void prvSetupHardware()	8	static
../src/Greenhouse.cpp:74:6:void PIN_INT0_IRQHandler()	16	static
../src/Greenhouse.cpp:91:6:void vConfigureTimerForRunTimeStats()	8	static
../src/Greenhouse.cpp:97:13:void vConfigureInterrupts()	16	static
../src/Greenhouse.cpp:119:13:void idle_delay()	8	static
../src/Greenhouse.cpp:142:6:void vReadSensor(void*)	640	static
../src/Greenhouse.cpp:193:6:void vRotary(void*)	64	static
../src/Greenhouse.cpp:234:6:void vMenu(void*)	192	static
../src/Greenhouse.cpp:371:5:int main()	104	static
../src/Greenhouse.cpp:411:1:void __static_initialization_and_destruction_0(int, int)	24	static
../src/Greenhouse.cpp:411:1:cpp)	8	static
