C:\Users\Administrator\OneDrive\Documents\Metropolia\HACKATHON\greenhouse_proj\lpc_chip_15xx\inc/core_cm3.h:1323:22:void NVIC_EnableIRQ(IRQn_Type)	16	static
C:\Users\Administrator\OneDrive\Documents\Metropolia\HACKATHON\greenhouse_proj\lpc_chip_15xx\inc/core_cm3.h:1375:22:void NVIC_ClearPendingIRQ(IRQn_Type)	16	static
C:\Users\Administrator\OneDrive\Documents\Metropolia\HACKATHON\greenhouse_proj\lpc_chip_15xx\inc/core_cm3.h:1405:22:void NVIC_SetPriority(IRQn_Type, uint32_t)	16	static
C:\Users\Administrator\OneDrive\Documents\Metropolia\HACKATHON\greenhouse_proj\lpc_chip_15xx\inc/sysctl_15xx.h:185:20:void Chip_SYSCTL_PeriphReset(CHIP_SYSCTL_PERIPH_RESET_T)	16	static
C:\Users\Administrator\OneDrive\Documents\Metropolia\HACKATHON\greenhouse_proj\lpc_chip_15xx\inc/pinint_15xx.h:79:20:void Chip_PININT_Init(LPC_PIN_INT_T*)	16	static
C:\Users\Administrator\OneDrive\Documents\Metropolia\HACKATHON\greenhouse_proj\lpc_chip_15xx\inc/pinint_15xx.h:101:20:void Chip_PININT_SetPinModeEdge(LPC_PIN_INT_T*, uint32_t)	16	static
C:\Users\Administrator\OneDrive\Documents\Metropolia\HACKATHON\greenhouse_proj\lpc_chip_15xx\inc/pinint_15xx.h:147:20:void Chip_PININT_DisableIntHigh(LPC_PIN_INT_T*, uint32_t)	16	static
C:\Users\Administrator\OneDrive\Documents\Metropolia\HACKATHON\greenhouse_proj\lpc_chip_15xx\inc/pinint_15xx.h:171:20:void Chip_PININT_EnableIntLow(LPC_PIN_INT_T*, uint32_t)	16	static
C:\Users\Administrator\OneDrive\Documents\Metropolia\HACKATHON\greenhouse_proj\lpc_chip_15xx\inc/pinint_15xx.h:245:20:void Chip_PININT_ClearIntStatus(LPC_PIN_INT_T*, uint32_t)	16	static
C:\Users\Administrator\OneDrive\Documents\Metropolia\HACKATHON\greenhouse_proj\lpc_chip_15xx\inc/inmux_15xx.h:221:20:void Chip_INMUX_PinIntSel(uint8_t, uint8_t, uint8_t)	16	static
c:\nxp\mcuxpressoide_11.5.0_7232\ide\plugins\com.nxp.mcuxpresso.tools.win32_11.5.0.202107051138\tools\arm-none-eabi\include\c++\10.3.1\arm-none-eabi\thumb\v7-m\nofp\bits\gthr-default.h:229:1:int __gthread_key_delete(__gthread_key_t)	16	static
../src/Greenhouse.cpp:70:13:void prvSetupHardware()	8	static
../src/Greenhouse.cpp:82:6:void PIN_INT0_IRQHandler()	16	static
../src/Greenhouse.cpp:99:6:void vConfigureTimerForRunTimeStats()	8	static
../src/Greenhouse.cpp:105:13:void vConfigureInterrupts()	16	static
../src/Greenhouse.cpp:127:13:void idle_delay()	8	static
../src/Greenhouse.cpp:132:13:void vSensor(void*)	48	static
../src/Greenhouse.cpp:147:6:void vRotary(void*)	64	static
../src/Greenhouse.cpp:188:6:void vMenu(void*)	240	static
../src/Greenhouse.cpp:333:5:int main()	104	static
../src/Greenhouse.cpp:369:1:void __static_initialization_and_destruction_0(int, int)	24	static
../src/Greenhouse.cpp:369:1:cpp)	8	static
