c:\nxp\mcuxpressoide_11.6.0_8187\ide\plugins\com.nxp.mcuxpresso.tools.win32_11.6.0.202112161359\tools\arm-none-eabi\include\c++\10.3.1\arm-none-eabi\thumb\v7-m\nofp\bits\gthr-default.h:229:1:int __gthread_key_delete(__gthread_key_t)	16	static
../src/Greenhouse.cpp:61:13:void prvSetupHardware()	8	static
../src/Greenhouse.cpp:77:6:void vConfigureTimerForRunTimeStats()	8	static
../src/Greenhouse.cpp:86:13:void idle_delay()	8	static
../src/Greenhouse.cpp:92:6:void taskReadSensor(void*)	664	static
../src/Greenhouse.cpp:150:6:void taskMenu2(void*)	328	static
../src/Greenhouse.cpp:357:6:void taskMenu(void*)	256	static
../src/Greenhouse.cpp:413:5:int main()	16	static
